0,0
4086,2100.0,0.0,0.000,0.020,0.041,0,0
4106,2100.0,0.0,0.000,0.018,0.035,0,0
4126,2100.0,0.0,0.000,0.017,0.031,0,0
4166,2100.0,0.0,0.000,0.015,0.024,0,0
4186,2100.0,0.0,0.000,0.014,0.022,0,0
4206,2100.0,0.0,0.000,0.013,0.020,0,1
---- CSV DUMP END ----
---- CSV DUMP BEGIN ----
t_ms,pos_mm,remain_mm,v_cmd_mps,v_act_raw_mps,v_act_filt_mps,duty,state
403,0.0,2000.0,0.030,0.000,0.000,4,0
423,0.0,2000.0,0.060,0.000,0.000,9,0
443,0.0,2000.0,0.090,0.000,0.000,13,0
463,0.0,2000.0,0.120,0.000,0.000,18,0
483,0.0,2000.0,0.150,0.000,0.000,22,0
503,0.0,2000.0,0.180,0.000,0.000,27,0
523,0.0,2000.0,0.210,0.000,0.000,32,0
543,0.0,2000.0,0.240,0.000,0.000,36,0
563,0.0,2000.0,0.270,0.000,0.000,41,0
583,0.0,2000.0,0.300,0.000,0.000,45,0
603,0.0,2000.0,0.330,0.000,0.000,50,0
623,0.0,2000.0,0.360,0.000,0.000,55,0
643,0.0,2000.0,0.390,0.000,0.000,60,0
663,5.0,1995.0,0.420,0.250,0.063,55,0
683,10.0,1990.0,0.450,0.241,0.107,53,0
703,10.0,1990.0,0.480,0.127,0.112,57,0
723,20.0,1980.0,0.510,0.697,0.259,40,0
743,20.0,1980.0,0.540,0.184,0.240,47,0
763,30.0,1970.0,0.570,0.451,0.293,44,0
783,35.0,1965.0,0.600,0.168,0.262,53,0
803,40.0,1960.0,0.630,0.274,0.265,57,0
823,50.0,1950.0,0.660,0.479,0.318,54,0
843,60.0,1940.0,0.690,0.977,0.483,34,0
863,70.0,1930.0,0.720,2.158,0.902,4,0
883,75.0,1925.0,0.750,0.249,0.739,5,0
903,80.0,1920.0,0.780,0.257,0.618,27,0
923,90.0,1910.0,0.810,0.294,0.537,44,0
943,100.0,1900.0,0.840,0.363,0.494,55,0
963,110.0,1890.0,0.870,0.406,0.472,63,0
983,120.0,1880.0,0.900,0.421,0.459,70,0
1003,130.0,1870.0,0.930,0.378,0.439,78,0
1023,145.0,1855.0,0.960,0.342,0.415,86,0
1043,160.0,1840.0,0.990,1.201,0.611,62,0
1063,170.0,1830.0,1.020,0.509,0.586,70,0
1083,180.0,1820.0,1.050,0.369,0.532,83,0
1103,190.0,1810.0,1.080,0.543,0.534,87,0
1123,205.0,1795.0,1.110,0.469,0.518,95,0
1143,220.0,1780.0,1.140,0.508,0.515,100,0
1163,225.0,1775.0,1.170,0.415,0.490,109,0
1183,235.0,1765.0,1.200,0.474,0.486,114,0
1203,240.0,1760.0,1.230,0.416,0.469,122,0
1223,255.0,1745.0,1.260,0.871,0.569,112,0
1243,270.0,1730.0,1.290,0.598,0.576,116,0
1263,280.0,1720.0,1.320,0.664,0.598,117,0
1283,295.0,1705.0,1.350,0.675,0.618,119,0
1303,310.0,1690.0,1.380,0.731,0.646,120,0
1323,320.0,1680.0,1.410,0.699,0.659,123,0
1343,335.0,1665.0,1.440,0.769,0.687,124,0
1363,355.0,1645.0,1.470,0.775,0.709,125,0
1383,365.0,1635.0,1.500,0.602,0.682,134,0
1403,375.0,1625.0,1.500,0.885,0.733,127,0
1423,395.0,1605.0,1.500,0.819,0.754,124,0
1443,405.0,1595.0,1.500,0.523,0.697,134,0
1463,420.0,1580.0,1.500,0.910,0.750,126,0
1483,430.0,1570.0,1.500,0.431,0.670,139,0
1503,450.0,1550.0,1.500,1.031,0.760,125,0
1523,465.0,1535.0,1.500,0.821,0.775,124,0
1543,475.0,1525.0,1.500,0.449,0.694,136,0
1563,475.0,1525.0,1.500,0.161,0.561,157,0
1583,495.0,1505.0,1.500,1.074,0.689,138,0
1603,520.0,1480.0,1.500,1.087,0.788,124,0
1623,540.0,1460.0,1.500,1.147,0.878,111,0
1643,560.0,1440.0,1.500,1.126,0.940,102,0
1663,575.0,1425.0,1.500,0.655,0.869,113,0
1683,595.0,1405.0,1.500,1.172,0.945,102,0
1703,615.0,1385.0,1.500,1.154,0.997,94,0
1723,640.0,1360.0,1.500,1.148,1.035,89,0
1743,665.0,1335.0,1.500,1.251,1.089,81,0
1763,685.0,1315.0,1.500,1.166,1.108,78,0
1783,710.0,1290.0,1.500,1.130,1.114,78,0
1803,730.0,1270.0,1.500,0.921,1.065,85,0
1823,740.0,1260.0,1.500,1.179,1.094,81,0
1843,760.0,1240.0,1.500,0.765,1.012,94,0
1863,785.0,1215.0,1.500,1.120,1.039,90,0
1883,805.0,1195.0,1.500,1.149,1.066,86,0
1903,830.0,1170.0,1.500,1.351,1.137,76,0
1923,850.0,1150.0,1.500,1.136,1.137,76,0
1943,860.0,1140.0,1.500,1.106,1.129,77,0
1963,885.0,1115.0,1.493,1.151,1.135,76,0
1983,905.0,1095.0,1.480,1.176,1.145,72,0
2005,930.0,1070.0,1.463,1.129,1.141,70,0
2025,955.0,1045.0,1.446,1.136,1.140,68,0
2045,975.0,1025.0,1.432,1.124,1.136,67,0
2065,985.0,1015.0,1.425,0.360,0.942,95,0
2085,1000.0,1000.0,1.414,1.090,0.979,88,0
2105,1025.0,975.0,1.396,1.099,1.009,81,0
2125,1045.0,955.0,1.382,1.085,1.028,77,0
2145,1065.0,935.0,1.367,1.094,1.044,72,0
2165,1090.0,910.0,1.349,1.104,1.059,67,0
2185,1105.0,895.0,1.338,1.166,1.086,62,0
2205,1130.0,870.0,1.319,1.087,1.086,59,0
2225,1150.0,850.0,1.304,1.089,1.087,57,0
2245,1170.0,830.0,1.288,1.064,1.081,56,0
2265,1190.0,810.0,1.273,1.052,1.074,54,0
2285,1205.0,795.0,1.261,0.888,1.027,60,0
2305,1225.0,775.0,1.245,1.052,1.034,57,0
2325,1245.0,755.0,1.229,1.000,1.025,55,0
2345,1255.0,745.0,1.221,1.010,1.021,55,0
2365,1270.0,730.0,1.208,1.028,1.023,53,0
2385,1290.0,710.0,1.192,1.010,1.020,51,0
2405,1310.0,690.0,1.175,1.000,1.015,49,0
2425,1330.0,670.0,1.158,0.971,1.004,49,0
2445,1350.0,650.0,1.140,0.935,0.987,49,0
2465,1365.0,635.0,1.127,0.935,0.974,49,0
2485,1385.0,615.0,1.109,0.971,0.973,46,0
2505,1390.0,610.0,1.105,0.280,0.800,72,0
2525,1400.0,600.0,1.095,0.900,0.825,67,0
2545,1420.0,580.0,1.077,0.901,0.844,61,0
2565,1430.0,570.0,1.068,0.943,0.869,56,0
2585,1445.0,555.0,1.054,0.929,0.884,52,0
2605,1465.0,535.0,1.034,0.911,0.890,48,0
2625,1480.0,520.0,1.020,0.881,0.888,46,0
2645,1500.0,500.0,1.000,0.885,0.887,44,0
2665,1515.0,485.0,0.985,0.877,0.885,42,0
2685,1535.0,465.0,0.964,0.862,0.879,40,0
2705,1550.0,450.0,0.949,0.862,0.875,38,0
2725,1570.0,430.0,0.927,0.788,0.853,38,0
2745,1580.0,420.0,0.917,0.862,0.855,36,0
2765,1595.0,405.0,0.900,0.793,0.840,36,0
2785,1610.0,390.0,0.883,0.794,0.828,35,0
2805,1620.0,380.0,0.872,0.389,0.718,50,0
2825,1635.0,365.0,0.854,0.783,0.735,45,0
2845,1645.0,355.0,0.843,0.382,0.646,57,0
2865,1650.0,350.0,0.837,0.274,0.553,70,0
2885,1665.0,335.0,0.819,0.728,0.597,61,0
2905,1675.0,325.0,0.806,0.432,0.556,65,0
2925,1680.0,320.0,0.800,0.252,0.480,76,0
2945,1690.0,310.0,0.787,0.759,0.550,64,0
2965,1705.0,295.0,0.768,0.762,0.603,53,0
2985,1715.0,285.0,0.755,0.751,0.640,46,0
3005,1735.0,265.0,0.728,0.785,0.676,36,0
3025,1745.0,255.0,0.714,0.764,0.698,31,0
3045,1760.0,240.0,0.693,0.769,0.716,25,0
3065,1775.0,225.0,0.671,0.758,0.726,20,0
3085,1785.0,215.0,0.656,0.714,0.723,18,0
3105,1800.0,200.0,0.632,0.676,0.711,16,0
3125,1810.0,190.0,0.616,0.466,0.650,23,0
3145,1820.0,180.0,0.600,0.654,0.651,20,0
3165,1830.0,170.0,0.583,0.658,0.653,18,0
3185,1845.0,155.0,0.557,0.625,0.646,15,0
3205,1850.0,150.0,0.548,0.404,0.585,22,0
3225,1855.0,145.0,0.539,0.196,0.488,36,0
3245,1870.0,130.0,0.510,0.575,0.510,28,0
3265,1880.0,120.0,0.490,0.552,0.520,23,0
3285,1890.0,110.0,0.469,0.562,0.531,19,0
3305,1895.0,105.0,0.458,0.270,0.465,27,0
3325,1905.0,95.0,0.436,0.532,0.482,21,0
3345,1915.0,85.0,0.412,0.524,0.492,16,0
3365,1925.0,75.0,0.387,0.510,0.497,11,0
3385,1935.0,65.0,0.361,0.495,0.496,7,0
3405,1945.0,55.0,0.332,0.493,0.495,3,0
3425,1955.0,45.0,0.300,0.467,0.488,0,0
3445,1970.0,30.0,0.245,1.630,0.774,-30,0
3465,1980.0,20.0,0.200,0.422,0.686,-45,0
3485,1985.0,15.0,0.173,0.382,0.610,-38,0
3505,1990.0,10.0,0.141,0.353,0.546,-33,0
3525,1995.0,5.0,0.100,0.181,0.454,-26,0
3545,1995.0,5.0,0.100,0.181,0.386,-16,0
3565,2000.0,0.0,0.000,0.158,0.329,0,0
3585,2010.0,0.0,0.000,0.307,0.324,0,0
3605,2025.0,0.0,0.000,0.280,0.313,0,0
3625,2030.0,0.0,0.000,0.271,0.302,0,0
3645,2040.0,0.0,0.000,0.298,0.301,0,0
3665,2050.0,0.0,0.000,0.377,0.320,0,0
3685,2060.0,0.0,0.000,0.639,0.400,0,0
3705,2065.0,0.0,0.000,0.190,0.347,0,0
3725,2070.0,0.0,0.000,0.262,0.326,0,0
3745,2080.0,0.0,0.000,0.786,0.441,0,0
3765,2080.0,0.0,0.000,0.190,0.378,0,0
3785,2090.0,0.0,0.000,0.908,0.511,0,0
3805,2090.0,0.0,0.000,0.196,0.432,0,0
3825,2090.0,0.0,0.000,0.110,0.351,0,0
3845,2100.0,0.0,0.000,0.491,0.386,0,0
3865,2100.0,0.0,0.000,0.166,0.331,0,0
3885,2100.0,0.0,0.000,0.100,0.273,0,0
3905,2100.0,0.0,0.000,0.071,0.223,0,0
3925,2100.0,0.0,0.000,0.055,0.181,0,0
3945,2100.0,0.0,0.000,0.045,0.147,0,0
3965,2100.0,0.0,0.000,0.038,0.120,0,0
3985,2100.0,0.0,0.000,0.033,0.098,0,0
4006,2100.0,0.0,0.000,0.029,0.081,0,0
4026,2100.0,0.0,0.000,0.026,0.067,0,0
4046,2100.0,0.0,0.000,0.024,0.056,0,0
4066,2100.0,0.0,0.000,0.022,0.048,0,0
4086,2100.0,0.0,0.000,0.020,0.041,0,0
4106,2100.0,0.0,0.000,0.018,0.035,0,0
4126,2100.0,0.0,0.000,0.017,0.031,0,0
4146,2100.0,0.0,0.000,0.016,0.027,0,0
4166,2100.0,0.0,0.000,0.015,0.024,0,0
4186,2100.0,0.0,0.000,0.014,0.022,0,0
4206,2100.0,0.0,0.000,0.013,0.020,0,1
---- CSV DUMP END ----
